// Jest Snapshot v1, https://goo.gl/fbAQLP

exports[`should render and take snapshot of booksPage 1`] = `
<div>
  <div
    className="con"
  >
    <div
      className="row"
    >
      <div
        className="col-lg-12"
      >
        <div
          className="content"
        >
          <h1>
            Hello Books
          </h1>
          <h3>
            “A mind needs books as a sword needs a whetstone.” 
          </h3>
          <hr
            className="hr-landing"
          />
        </div>
      </div>
    </div>
  </div>
  <div
    className="footer-set"
  >
    <footer
      className="footer-distributed "
    >
      <div
        className="row"
      >
        <div
          className=" col l12 col m12 col s12"
        >
          <div
            className="footer-left col l4 col m4 col s12"
          >
            <h3>
              Hello
              <span>
                Books
              </span>
            </h3>
            <p
              className="footer-company-name"
            >
              Tosmak © 2017
            </p>
          </div>
          <div
            className="footer-center col l4 col m4 col s12"
          >
            <div>
              <i
                className="fa fa-map-marker"
              />
              <p>
                <span>
                  21 Ori-oke Street
                </span>
                 Lagos, Nigeria
              </p>
            </div>
            <div>
              <i
                className="fa fa-phone"
              />
              <p>
                08127112053
              </p>
            </div>
            <div>
              <i
                className="fa fa-envelope"
              />
              <p />
            </div>
          </div>
          <div
            className="footer-right col l4 col m14 col s12"
          >
            <div
              className="footer-company-about"
            >
              <span>
                About Hello Book
              </span>
              <p>
                it is a simple application that helps manage a library and its processes like stocking,tracking and renting books
              </p>
            </div>
            <div
              className="footer-icons"
            />
          </div>
        </div>
      </div>
    </footer>
  </div>
</div>
`;
